\BOOKMARK [0][-]{part.1}{\376\377\000I\000\040\000G\000e\000n\000e\000r\000a\000l\000\040\000t\000h\000e\000o\000r\000y}{}% 1
\BOOKMARK [1][-]{section.1}{\376\377\000I\000n\000t\000r\000o\000d\000u\000c\000t\000i\000o\000n\000\040\000a\000n\000d\000\040\000m\000a\000i\000n\000\040\000r\000e\000s\000u\000l\000t\000s}{part.1}% 2
\BOOKMARK [2][-]{subsection.1.1}{\376\377\000T\000h\000e\000\040\000p\000r\000o\000b\000l\000e\000m}{section.1}% 3
\BOOKMARK [2][-]{subsection.1.2}{\376\377\000C\000o\000n\000g\000r\000u\000e\000n\000c\000e\000\040\000c\000o\000n\000v\000e\000n\000t\000i\000o\000n\000s}{section.1}% 4
\BOOKMARK [2][-]{subsection.1.3}{\376\377\000C\000y\000c\000l\000o\000t\000o\000m\000i\000c\000\040\000p\000a\000c\000k\000e\000t\000s\000\040\000a\000n\000d\000\040\000t\000w\000i\000s\000t\000e\000d\000\040\000E\000i\000s\000e\000n\000s\000t\000e\000i\000n\000\040\000c\000o\000n\000g\000r\000u\000e\000n\000c\000e\000s}{section.1}% 5
\BOOKMARK [2][-]{subsection.1.4}{\376\377\000M\000a\000i\000n\000\040\000r\000e\000s\000u\000l\000t\000s}{section.1}% 6
\BOOKMARK [1][-]{section.2}{\376\377\000M\000o\000d\000u\000l\000a\000r\000\040\000f\000o\000r\000m\000s\000\040\000a\000n\000d\000\040\000H\000e\000c\000k\000e\000\040\000a\000l\000g\000e\000b\000r\000a\000s}{part.1}% 7
\BOOKMARK [2][-]{subsection.2.1}{\376\377\000H\000e\000c\000k\000e\000\040\000e\000i\000g\000e\000n\000s\000y\000s\000t\000e\000m\000s\000,\000\040\000c\000o\000e\000f\000f\000i\000c\000i\000e\000n\000t\000\040\000q\000u\000o\000t\000i\000e\000n\000t\000s\000,\000\040\000a\000n\000d\000\040\000c\000o\000m\000p\000l\000e\000t\000e\000d\000\040\000H\000e\000c\000k\000e\000\040\000a\000l\000g\000e\000b\000r\000a\000s}{section.2}% 8
\BOOKMARK [2][-]{subsection.2.2}{\376\377\000L\000i\000f\000t\000i\000n\000g\000\040\000s\000h\000a\000l\000l\000o\000w\000\040\000H\000e\000c\000k\000e\000\040\000g\000e\000n\000e\000r\000a\000t\000o\000r\000s}{section.2}% 9
\BOOKMARK [3][-]{subsubsection.2.2.1}{\376\377\000p\000=\0002\000,\0003}{subsection.2.2}% 10
\BOOKMARK [3][-]{subsubsection.2.2.2}{\376\377\000p\000=\0005}{subsection.2.2}% 11
\BOOKMARK [3][-]{subsubsection.2.2.3}{\376\377\000p\000=\0007}{subsection.2.2}% 12
\BOOKMARK [2][-]{subsection.2.3}{\376\377\000W\000e\000a\000k\000\040\000r\000e\000a\000l\000i\000z\000a\000t\000i\000o\000n\000\040\000o\000f\000\040\000c\000y\000c\000l\000o\000t\000o\000m\000i\000c\000\040\000p\000a\000c\000k\000e\000t\000s}{section.2}% 13
\BOOKMARK [1][-]{section.3}{\376\377\000M\000o\000d\000u\000l\000a\000r\000\040\000s\000y\000m\000b\000o\000l\000s\000\040\000o\000f\000\040\000l\000e\000v\000e\000l\000\040\0001}{part.1}% 14
\BOOKMARK [2][-]{subsection.3.1}{\376\377\000M\000o\000d\000u\000l\000a\000r\000\040\000s\000y\000m\000b\000o\000l\000s\000\040\000w\000i\000t\000h\000\040\000c\000o\000e\000f\000f\000i\000c\000i\000e\000n\000t\000s\000\040\000i\000n\000\040\000R}{section.3}% 15
\BOOKMARK [2][-]{subsection.3.2}{\376\377\000H\000e\000c\000k\000e\000\040\000o\000p\000e\000r\000a\000t\000o\000r\000s}{section.3}% 16
\BOOKMARK [2][-]{subsection.3.3}{\376\377\000C\000o\000m\000p\000a\000r\000i\000s\000o\000n\000\040\000w\000i\000t\000h\000\040\000m\000o\000d\000u\000l\000a\000r\000\040\000f\000o\000r\000m\000s}{section.3}% 17
\BOOKMARK [2][-]{subsection.3.4}{\376\377\000D\000i\000c\000k\000s\000o\000n\000\040\000m\000u\000l\000t\000i\000p\000l\000i\000e\000r\000s}{section.3}% 18
\BOOKMARK [2][-]{subsection.3.5}{\376\377\000T\000r\000a\000n\000s\000f\000e\000r\000\040\000m\000a\000p\000\040\000f\000o\000r\000\040\000m\000o\000d\000u\000l\000a\000r\000\040\000s\000y\000m\000b\000o\000l\000s}{section.3}% 19
\BOOKMARK [2][-]{subsection.3.6}{\376\377\000F\000o\000r\000\040\000o\000d\000d\000\040\000p}{section.3}% 20
\BOOKMARK [2][-]{subsection.3.7}{\376\377\000P\000r\000o\000p\000a\000g\000a\000t\000i\000o\000n\000\040\000o\000f\000\040\000H\000e\000c\000k\000e\000\040\000o\000p\000e\000r\000a\000t\000o\000r\000\040\000r\000e\000l\000a\000t\000i\000o\000n\000s}{section.3}% 21
\BOOKMARK [2][-]{subsection.3.8}{\376\377\000C\000a\000l\000c\000u\000l\000u\000s\000\040\000o\000f\000\040\000l\000i\000n\000e\000a\000r\000\040\000r\000e\000l\000a\000t\000i\000o\000n\000s}{section.3}% 22
\BOOKMARK [2][-]{subsection.3.9}{\376\377\000P\000r\000o\000p\000a\000g\000a\000t\000i\000o\000n\000\040\000o\000f\000\040\000d\000i\000v\000i\000d\000e\000d\000\040\000H\000e\000c\000k\000e\000\040\000r\000e\000l\000a\000t\000i\000o\000n\000s}{section.3}% 23
\BOOKMARK [0][-]{part.2}{\376\377\000I\000I\000\040\000C\000o\000m\000p\000u\000t\000a\000t\000i\000o\000n\000s\000\040\000a\000n\000d\000\040\000c\000l\000a\000s\000s\000i\000f\000i\000c\000a\000t\000i\000o\000n\000s}{}% 24
\BOOKMARK [1][-]{section.4}{\376\377\000T\000h\000e\000\040\000p\000r\000i\000m\000e\000\040\0002\000:\000\040\000c\000l\000a\000s\000s\000i\000f\000i\000c\000a\000t\000i\000o\000n\000\040\000m\000o\000d\000u\000l\000o\000\040\0002\0005\0006}{part.2}% 25
\BOOKMARK [2][-]{subsection.4.1}{\376\377\000C\000e\000r\000t\000i\000f\000i\000e\000d\000\040\000H\000e\000c\000k\000e\000\040\000o\000p\000e\000r\000a\000t\000o\000r\000\040\000i\000d\000e\000n\000t\000i\000t\000i\000e\000s}{section.4}% 26
\BOOKMARK [2][-]{subsection.4.2}{\376\377\000C\000o\000n\000g\000r\000u\000e\000n\000c\000e\000s\000\040\000f\000o\000r\000\040\000a\0003\000\040\000a\000n\000d\000\040\000a\0005}{section.4}% 27
\BOOKMARK [2][-]{subsection.4.3}{\376\377\000P\000a\000c\000k\000e\000t\000\040\000s\000e\000l\000e\000c\000t\000i\000o\000n}{section.4}% 28
\BOOKMARK [2][-]{subsection.4.4}{\376\377\000F\000i\000n\000a\000l\000\040\000c\000l\000a\000s\000s\000i\000f\000i\000c\000a\000t\000i\000o\000n}{section.4}% 29
\BOOKMARK [1][-]{section.5}{\376\377\000T\000h\000e\000\040\000p\000r\000i\000m\000e\000\040\0003\000:\000\040\000c\000l\000a\000s\000s\000i\000f\000i\000c\000a\000t\000i\000o\000n\000\040\000m\000o\000d\000u\000l\000o\000\040\0002\0007}{part.2}% 30
\BOOKMARK [2][-]{subsection.5.1}{\376\377\000C\000e\000r\000t\000i\000f\000i\000e\000d\000\040\000H\000e\000c\000k\000e\000\040\000o\000p\000e\000r\000a\000t\000o\000r\000\040\000i\000d\000e\000n\000t\000i\000t\000i\000e\000s}{section.5}% 31
\BOOKMARK [3][-]{subsubsection.5.1.1}{\376\377\000T\000h\000e\000\040\000n\000o\000n\000z\000e\000r\000o\000\040\000b\000r\000a\000n\000c\000h}{subsection.5.1}% 32
\BOOKMARK [3][-]{subsubsection.5.1.2}{\376\377\000T\000h\000e\000\040\000z\000e\000r\000o\000\040\000b\000r\000a\000n\000c\000h}{subsection.5.1}% 33
\BOOKMARK [2][-]{subsection.5.2}{\376\377\000C\000o\000n\000g\000r\000u\000e\000n\000c\000e\000s\000\040\000f\000o\000r\000\040\000a\0002\000\040\000a\000n\000d\000\040\000a\0007}{section.5}% 34
\BOOKMARK [3][-]{subsubsection.5.2.1}{\376\377\000T\000h\000e\000\040\000n\000o\000n\000z\000e\000r\000o\000\040\000b\000r\000a\000n\000c\000h}{subsection.5.2}% 35
\BOOKMARK [3][-]{subsubsection.5.2.2}{\376\377\000T\000h\000e\000\040\000z\000e\000r\000o\000\040\000b\000r\000a\000n\000c\000h}{subsection.5.2}% 36
\BOOKMARK [2][-]{subsection.5.3}{\376\377\000P\000a\000c\000k\000e\000t\000\040\000s\000e\000l\000e\000c\000t\000i\000o\000n}{section.5}% 37
\BOOKMARK [2][-]{subsection.5.4}{\376\377\000F\000i\000n\000a\000l\000\040\000c\000l\000a\000s\000s\000i\000f\000i\000c\000a\000t\000i\000o\000n}{section.5}% 38
\BOOKMARK [1][-]{section.6}{\376\377\000T\000h\000e\000\040\000p\000r\000i\000m\000e\000\040\0005\000:\000\040\000c\000l\000a\000s\000s\000i\000f\000i\000c\000a\000t\000i\000o\000n\000\040\000m\000o\000d\000u\000l\000o\000\040\0002\0005}{part.2}% 39
\BOOKMARK [2][-]{subsection.6.1}{\376\377\000C\000e\000r\000t\000i\000f\000i\000e\000d\000\040\000H\000e\000c\000k\000e\000\040\000o\000p\000e\000r\000a\000t\000o\000r\000\040\000i\000d\000e\000n\000t\000i\000t\000i\000e\000s}{section.6}% 40
\BOOKMARK [2][-]{subsection.6.2}{\376\377\000C\000o\000n\000g\000r\000u\000e\000n\000c\000e\000s\000\040\000f\000o\000r\000\040\000a\0002\000\040\000a\000n\000d\000\040\000a\0001\0009}{section.6}% 41
\BOOKMARK [2][-]{subsection.6.3}{\376\377\000P\000a\000c\000k\000e\000t\000\040\000s\000e\000l\000e\000c\000t\000i\000o\000n}{section.6}% 42
\BOOKMARK [2][-]{subsection.6.4}{\376\377\000F\000i\000n\000a\000l\000\040\000c\000l\000a\000s\000s\000i\000f\000i\000c\000a\000t\000i\000o\000n}{section.6}% 43
\BOOKMARK [1][-]{section.7}{\376\377\000T\000h\000e\000\040\000p\000r\000i\000m\000e\000\040\0007\000:\000\040\000c\000l\000a\000s\000s\000i\000f\000i\000c\000a\000t\000i\000o\000n\000\040\000m\000o\000d\000u\000l\000o\000\040\0004\0009}{part.2}% 44
\BOOKMARK [2][-]{subsection.7.1}{\376\377\000C\000e\000r\000t\000i\000f\000i\000e\000d\000\040\000H\000e\000c\000k\000e\000\040\000o\000p\000e\000r\000a\000t\000o\000r\000\040\000i\000d\000e\000n\000t\000i\000t\000i\000e\000s}{section.7}% 45
\BOOKMARK [2][-]{subsection.7.2}{\376\377\000C\000o\000n\000g\000r\000u\000e\000n\000c\000e\000s\000\040\000f\000o\000r\000\040\000a\0003\000\040\000a\000n\000d\000\040\000a\0002\0009}{section.7}% 46
\BOOKMARK [2][-]{subsection.7.3}{\376\377\000P\000a\000c\000k\000e\000t\000\040\000s\000e\000l\000e\000c\000t\000i\000o\000n}{section.7}% 47
\BOOKMARK [2][-]{subsection.7.4}{\376\377\000F\000i\000n\000a\000l\000\040\000c\000l\000a\000s\000s\000i\000f\000i\000c\000a\000t\000i\000o\000n}{section.7}% 48
\BOOKMARK [0][-]{part.3}{\376\377\000I\000I\000I\000\040\000A\000p\000p\000l\000i\000c\000a\000t\000i\000o\000n\000s}{}% 49
\BOOKMARK [1][-]{section.8}{\376\377\000S\000t\000r\000o\000n\000g\000\040\000p\000r\000i\000m\000e\000-\000t\000o\000-\000p\000\040\000w\000e\000i\000g\000h\000t\000\040\000b\000o\000u\000n\000d\000s}{part.3}% 50
\BOOKMARK [1][-]{section.A}{\376\377\000S\000i\000g\000n\000a\000t\000u\000r\000e\000s\000\040\000m\000o\000d\000u\000l\000o\000\040\0004\0009}{part.3}% 51
